NumberHits:1
Timestamp: Sat May 25 06:49:24 UTC 2019
