NumberHits:6
Timestamp: Sat May 25 06:49:22 UTC 2019
