<?xml version="1.0" encoding="UTF-8"?>
<GenRun Id="design_1_s00_regslice_15_synth_1" LaunchPart="xczu7ev-ffvc1156-2-e" LaunchTime="1558766587">
  <File Type="VDS-TIMING-PB" Name="design_1_s00_regslice_15_timing_summary_synth.pb"/>
  <File Type="VDS-TIMINGSUMMARY" Name="design_1_s00_regslice_15_timing_summary_synth.rpt"/>
  <File Type="RDS-DCP" Name="design_1_s00_regslice_15.dcp"/>
  <File Type="REPORTS-TCL" Name="design_1_s00_regslice_15_reports.tcl"/>
  <File Type="PA-TCL" Name="design_1_s00_regslice_15.tcl"/>
  <File Type="RDS-RDS" Name="design_1_s00_regslice_15.vds"/>
  <File Type="RDS-PROPCONSTRS" Name="design_1_s00_regslice_15_drc_synth.rpt"/>
  <File Type="RDS-UTIL" Name="design_1_s00_regslice_15_utilization_synth.rpt"/>
  <File Type="RDS-UTIL-PB" Name="design_1_s00_regslice_15_utilization_synth.pb"/>
  <FileSet Name="sources" Type="BlockSrcs" RelSrcDir="$PSRCDIR/design_1_s00_regslice_15">
    <File Path="$PSRCDIR/sources_1/bd/design_1/ip/design_1_s00_regslice_15/design_1_s00_regslice_15.xci">
      <FileInfo>
        <Attr Name="UsedIn" Val="synthesis"/>
        <Attr Name="UsedIn" Val="implementation"/>
        <Attr Name="UsedIn" Val="simulation"/>
      </FileInfo>
    </File>
    <Config>
      <Option Name="TopModule" Val="design_1_s00_regslice_15"/>
      <Option Name="UseBlackboxStub" Val="1"/>
    </Config>
  </FileSet>
  <FileSet Name="constrs_in" Type="BlockSrcs" RelSrcDir="$PSRCDIR/design_1_s00_regslice_15">
    <File Path="$PSRCDIR/sources_1/bd/design_1/ip/design_1_s00_regslice_15/design_1_s00_regslice_15.xci">
      <FileInfo>
        <Attr Name="UsedIn" Val="synthesis"/>
        <Attr Name="UsedIn" Val="implementation"/>
        <Attr Name="UsedIn" Val="simulation"/>
      </FileInfo>
    </File>
    <Config>
      <Option Name="TopModule" Val="design_1_s00_regslice_15"/>
      <Option Name="UseBlackboxStub" Val="1"/>
    </Config>
  </FileSet>
  <FileSet Name="utils" Type="Utils" RelSrcDir="$PSRCDIR/utils_1">
    <Filter Type="Utils"/>
    <Config>
      <Option Name="TopAutoSet" Val="TRUE"/>
    </Config>
  </FileSet>
  <Strategy Version="1" Minor="2">
    <StratHandle Name="Vivado Synthesis Defaults" Flow="Vivado Synthesis 2019">
      <Desc>Vivado Synthesis Defaults</Desc>
    </StratHandle>
    <Step Id="synth_design"/>
  </Strategy>
</GenRun>
