
config_rtl -enable_maxiConservative -enable_axiFlushable

config_interface -input_reg_mode both -output_reg_mode both

