NumberHits:1
Timestamp: Sat May 25 06:47:50 UTC 2019
