NumberHits:1
Timestamp: Sat May 25 06:49:39 UTC 2019
