<?xml version="1.0" encoding="UTF-8"?>
<GenRun Id="synth_1" LaunchPart="xczu7ev-ffvc1156-2-e" LaunchTime="1558766588">
  <File Type="VDS-TIMING-PB" Name="design_1_wrapper_timing_summary_synth.pb"/>
  <File Type="VDS-TIMINGSUMMARY" Name="design_1_wrapper_timing_summary_synth.rpt"/>
  <File Type="RDS-DCP" Name="design_1_wrapper.dcp"/>
  <File Type="REPORTS-TCL" Name="design_1_wrapper_reports.tcl"/>
  <File Type="PA-TCL" Name="design_1_wrapper.tcl"/>
  <File Type="RDS-RDS" Name="design_1_wrapper.vds"/>
  <File Type="RDS-PROPCONSTRS" Name="design_1_wrapper_drc_synth.rpt"/>
  <File Type="RDS-UTIL" Name="design_1_wrapper_utilization_synth.rpt"/>
  <File Type="RDS-UTIL-PB" Name="design_1_wrapper_utilization_synth.pb"/>
  <FileSet Name="sources" Type="DesignSrcs" RelSrcDir="$PSRCDIR/sources_1">
    <Filter Type="Srcs"/>
    <File Path="$PSRCDIR/sources_1/bd/design_1/design_1.bd">
      <FileInfo>
        <Attr Name="UsedIn" Val="synthesis"/>
        <Attr Name="UsedIn" Val="implementation"/>
        <Attr Name="UsedIn" Val="simulation"/>
      </FileInfo>
    </File>
    <File Path="$PSRCDIR/sources_1/bd/design_1/hdl/design_1_wrapper.v">
      <FileInfo>
        <Attr Name="UsedIn" Val="synthesis"/>
        <Attr Name="UsedIn" Val="implementation"/>
        <Attr Name="UsedIn" Val="simulation"/>
      </FileInfo>
    </File>
    <Config>
      <Option Name="DesignMode" Val="RTL"/>
      <Option Name="TopModule" Val="design_1_wrapper"/>
    </Config>
  </FileSet>
  <FileSet Name="constrs_in" Type="Constrs" RelSrcDir="$PSRCDIR/constrs_1">
    <Filter Type="Constrs"/>
    <File Path="$PSRCDIR/constrs_1/imports/xdc/vcu_uc2_pll.xdc">
      <FileInfo>
        <Attr Name="ImportPath" Val="$PPRDIR/../xdc/vcu_uc2_pll.xdc"/>
        <Attr Name="ImportTime" Val="1537054101"/>
        <Attr Name="UsedIn" Val="synthesis"/>
        <Attr Name="UsedIn" Val="implementation"/>
      </FileInfo>
    </File>
    <Config>
      <Option Name="ConstrsType" Val="XDC"/>
    </Config>
  </FileSet>
  <FileSet Name="utils" Type="Utils" RelSrcDir="$PSRCDIR/utils_1">
    <Filter Type="Utils"/>
    <Config>
      <Option Name="TopAutoSet" Val="TRUE"/>
    </Config>
  </FileSet>
  <Strategy Version="1" Minor="2">
    <StratHandle Name="Vivado Synthesis Defaults" Flow="Vivado Synthesis 2019">
      <Desc>Vivado Synthesis Defaults</Desc>
    </StratHandle>
    <Step Id="synth_design"/>
  </Strategy>
  <BlockFileSet Type="BlockSrcs" Name="design_1_auto_cc_4"/>
  <BlockFileSet Type="BlockSrcs" Name="design_1_auto_pc_0"/>
  <BlockFileSet Type="BlockSrcs" Name="design_1_m01_regslice_3"/>
  <BlockFileSet Type="BlockSrcs" Name="design_1_xbar_4"/>
  <BlockFileSet Type="BlockSrcs" Name="design_1_v_frmbuf_rd_0_0"/>
  <BlockFileSet Type="BlockSrcs" Name="design_1_xbar_3"/>
  <BlockFileSet Type="BlockSrcs" Name="design_1_vcu_0_0"/>
  <BlockFileSet Type="BlockSrcs" Name="design_1_m01_regslice_2"/>
  <BlockFileSet Type="BlockSrcs" Name="design_1_auto_cc_2"/>
  <BlockFileSet Type="BlockSrcs" Name="design_1_auto_cc_5"/>
  <BlockFileSet Type="BlockSrcs" Name="design_1_s00_regslice_9"/>
  <BlockFileSet Type="BlockSrcs" Name="design_1_proc_sys_reset_2_0"/>
  <BlockFileSet Type="BlockSrcs" Name="design_1_s00_regslice_10"/>
  <BlockFileSet Type="BlockSrcs" Name="design_1_zynq_ultra_ps_e_0_0"/>
  <BlockFileSet Type="BlockSrcs" Name="design_1_v_frmbuf_wr_0_0"/>
  <BlockFileSet Type="BlockSrcs" Name="design_1_xbar_2"/>
  <BlockFileSet Type="BlockSrcs" Name="design_1_xbar_0"/>
  <BlockFileSet Type="BlockSrcs" Name="design_1_clk_wiz_1_0"/>
  <BlockFileSet Type="BlockSrcs" Name="design_1_proc_sys_reset_0_0"/>
  <BlockFileSet Type="BlockSrcs" Name="design_1_m00_regslice_7"/>
  <BlockFileSet Type="BlockSrcs" Name="design_1_s00_regslice_8"/>
  <BlockFileSet Type="BlockSrcs" Name="design_1_proc_sys_reset_1_0"/>
  <BlockFileSet Type="BlockSrcs" Name="design_1_s00_regslice_14"/>
  <BlockFileSet Type="BlockSrcs" Name="design_1_m00_regslice_4"/>
  <BlockFileSet Type="BlockSrcs" Name="design_1_s00_regslice_13"/>
  <BlockFileSet Type="BlockSrcs" Name="design_1_vcu_ddr4_controller_0_0"/>
  <BlockFileSet Type="BlockSrcs" Name="design_1_xbar_1"/>
  <BlockFileSet Type="BlockSrcs" Name="design_1_auto_us_0"/>
  <BlockFileSet Type="BlockSrcs" Name="design_1_m00_regslice_6"/>
  <BlockFileSet Type="BlockSrcs" Name="design_1_auto_cc_6"/>
  <BlockFileSet Type="BlockSrcs" Name="design_1_auto_cc_1"/>
  <BlockFileSet Type="BlockSrcs" Name="design_1_s01_regslice_0"/>
  <BlockFileSet Type="BlockSrcs" Name="design_1_auto_ds_0"/>
  <BlockFileSet Type="BlockSrcs" Name="design_1_s00_regslice_15"/>
  <BlockFileSet Type="BlockSrcs" Name="design_1_m00_regslice_5"/>
  <BlockFileSet Type="BlockSrcs" Name="design_1_auto_cc_0"/>
  <BlockFileSet Type="BlockSrcs" Name="design_1_s00_mmu_0"/>
  <BlockFileSet Type="BlockSrcs" Name="design_1_auto_rs_w_0"/>
  <BlockFileSet Type="BlockSrcs" Name="design_1_s00_regslice_11"/>
  <BlockFileSet Type="BlockSrcs" Name="design_1_s00_regslice_12"/>
  <BlockFileSet Type="BlockSrcs" Name="design_1_auto_cc_3"/>
</GenRun>
